2026-06-12T02:53:26.626689594Z [err]  PathError [TypeError]: Missing parameter name at index 1: *; visit https://git.new/pathToRegexpError for info
2026-06-12T02:53:26.626689661Z [err]      at app.<computed> [as options] (/app/node_modules/express/lib/application.js:478:22)
2026-06-12T02:53:26.626700771Z [err]      at Object.<anonymous> (/app/server.js:41:5) {
2026-06-12T02:53:26.626701735Z [err]      at name (/app/node_modules/path-to-regexp/dist/index.js:96:19)
2026-06-12T02:53:26.626710937Z [err]      at parse (/app/node_modules/path-to-regexp/dist/index.js:113:68)
2026-06-12T02:53:26.626712555Z [err]    originalPath: '*'
2026-06-12T02:53:26.626718193Z [err]      at pathToRegexp (/app/node_modules/path-to-regexp/dist/index.js:267:58)
2026-06-12T02:53:26.626724321Z [err]      at Object.match (/app/node_modules/path-to-regexp/dist/index.js:237:30)
2026-06-12T02:53:26.626730920Z [err]      at matcher (/app/node_modules/router/lib/layer.js:86:23)
2026-06-12T02:53:26.626736959Z [err]      at new Layer (/app/node_modules/router/lib/layer.js:93:62)
2026-06-12T02:53:26.626742557Z [err]      at Function.route (/app/node_modules/router/index.js:428:17)
2026-06-12T02:53:26.626749645Z [err]      at Function.route (/app/node_modules/express/lib/application.js:257:22)
2026-06-12T02:53:26.626763103Z [err]  npm warn config production Use `--omit=dev` instead.
2026-06-12T02:53:26.626768734Z [inf]  
2026-06-12T02:53:26.626774293Z [inf]  > backend@1.0.0 start
2026-06-12T02:53:26.626779405Z [inf]  > node server.js
2026-06-12T02:53:26.626784788Z [inf]  
2026-06-12T02:53:26.626789517Z [inf]  ◇ injected env (0) from .env // tip: ⌘ override existing { override: true }
2026-06-12T02:53:26.626794160Z [err]  /app/node_modules/path-to-regexp/dist/index.js:96
2026-06-12T02:53:26.626799013Z [err]              throw new PathError(`Missing parameter name at index ${index}`, str);
2026-06-12T02:53:26.626803556Z [err]              ^
2026-06-12T02:53:26.626807908Z [err]  
2026-06-12T02:53:26.627699449Z [err]  }
2026-06-12T02:53:26.627704374Z [err]  
2026-06-12T02:53:26.627709104Z [err]  Node.js v22.22.3
2026-06-12T02:53:26.756217361Z [inf]  Starting Container
2026-06-12T02:53:27.627876103Z [err]  npm warn config production Use `--omit=dev` instead.
2026-06-12T02:53:27.627887574Z [inf]  
2026-06-12T02:53:27.627894306Z [inf]  > backend@1.0.0 start
2026-06-12T02:53:27.627899117Z [inf]  > node server.js
2026-06-12T02:53:27.627903808Z [inf]  
2026-06-12T02:53:27.627909455Z [inf]  ◇ injected env (0) from .env // tip: ⌘ suppress logs { quiet: true }
2026-06-12T02:53:27.820548074Z [err]  }
2026-06-12T02:53:27.820555761Z [err]  /app/node_modules/path-to-regexp/dist/index.js:96
2026-06-12T02:53:27.820558688Z [err]  
2026-06-12T02:53:27.820565542Z [err]              throw new PathError(`Missing parameter name at index ${index}`, str);
2026-06-12T02:53:27.820565794Z [err]  Node.js v22.22.3
2026-06-12T02:53:27.820572027Z [err]              ^
2026-06-12T02:53:27.820577074Z [err]  
2026-06-12T02:53:27.820581732Z [err]  PathError [TypeError]: Missing parameter name at index 1: *; visit https://git.new/pathToRegexpError for info
2026-06-12T02:53:27.820585587Z [err]      at name (/app/node_modules/path-to-regexp/dist/index.js:96:19)
2026-06-12T02:53:27.820589997Z [err]      at parse (/app/node_modules/path-to-regexp/dist/index.js:113:68)
2026-06-12T02:53:27.820594385Z [err]      at pathToRegexp (/app/node_modules/path-to-regexp/dist/index.js:267:58)
2026-06-12T02:53:27.820600512Z [err]      at Object.match (/app/node_modules/path-to-regexp/dist/index.js:237:30)
2026-06-12T02:53:27.820607367Z [err]      at matcher (/app/node_modules/router/lib/layer.js:86:23)
2026-06-12T02:53:27.820613021Z [err]      at new Layer (/app/node_modules/router/lib/layer.js:93:62)
2026-06-12T02:53:27.820619150Z [err]      at Function.route (/app/node_modules/router/index.js:428:17)
2026-06-12T02:53:27.820624621Z [err]      at Function.route (/app/node_modules/express/lib/application.js:257:22)
2026-06-12T02:53:27.820630454Z [err]      at app.<computed> [as options] (/app/node_modules/express/lib/application.js:478:22)
2026-06-12T02:53:27.820636522Z [err]      at Object.<anonymous> (/app/server.js:41:5) {
2026-06-12T02:53:27.820642079Z [err]    originalPath: '*'
2026-06-12T02:53:28.774185021Z [err]  npm warn config production Use `--omit=dev` instead.
2026-06-12T02:53:28.799111625Z [inf]  
2026-06-12T02:53:28.799117649Z [inf]  > backend@1.0.0 start
2026-06-12T02:53:28.799122024Z [inf]  > node server.js
2026-06-12T02:53:28.799128238Z [inf]  
2026-06-12T02:53:28.836618887Z [inf]  ◇ injected env (0) from .env // tip: ◈ encrypted .env [www.dotenvx.com]
2026-06-12T02:53:29.218489716Z [err]  /app/node_modules/path-to-regexp/dist/index.js:96
2026-06-12T02:53:29.218498823Z [err]              throw new PathError(`Missing parameter name at index ${index}`, str);
2026-06-12T02:53:29.218505560Z [err]              ^
2026-06-12T02:53:29.218511406Z [err]  
2026-06-12T02:53:29.218516448Z [err]  PathError [TypeError]: Missing parameter name at index 1: *; visit https://git.new/pathToRegexpError for info
2026-06-12T02:53:29.218521313Z [err]      at name (/app/node_modules/path-to-regexp/dist/index.js:96:19)
2026-06-12T02:53:29.218527495Z [err]      at parse (/app/node_modules/path-to-regexp/dist/index.js:113:68)
2026-06-12T02:53:29.218532513Z [err]      at pathToRegexp (/app/node_modules/path-to-regexp/dist/index.js:267:58)
2026-06-12T02:53:29.218536868Z [err]      at Object.match (/app/node_modules/path-to-regexp/dist/index.js:237:30)
2026-06-12T02:53:29.218543755Z [err]      at matcher (/app/node_modules/router/lib/layer.js:86:23)
2026-06-12T02:53:29.218548846Z [err]      at new Layer (/app/node_modules/router/lib/layer.js:93:62)
2026-06-12T02:53:29.218554410Z [err]      at Function.route (/app/node_modules/router/index.js:428:17)
2026-06-12T02:53:29.218558658Z [err]      at Function.route (/app/node_modules/express/lib/application.js:257:22)
2026-06-12T02:53:29.218563300Z [err]      at app.<computed> [as options] (/app/node_modules/express/lib/application.js:478:22)
2026-06-12T02:53:29.218567826Z [err]      at Object.<anonymous> (/app/server.js:41:5) {
2026-06-12T02:53:29.218572503Z [err]    originalPath: '*'
2026-06-12T02:53:29.218578011Z [err]  }
2026-06-12T02:53:29.218582751Z [err]  
2026-06-12T02:53:29.218587035Z [err]  Node.js v22.22.3
2026-06-12T02:53:30.207070337Z [err]  npm warn config production Use `--omit=dev` instead.
2026-06-12T02:53:30.231352039Z [inf]  
2026-06-12T02:53:30.231358099Z [inf]  > backend@1.0.0 start
2026-06-12T02:53:30.231363776Z [inf]  > node server.js
2026-06-12T02:53:30.231371217Z [inf]  
2026-06-12T02:53:30.266858739Z [inf]  ◇ injected env (0) from .env // tip: ⌘ custom filepath { path: '/custom/path/.env' }
2026-06-12T02:53:30.652385897Z [err]  
2026-06-12T02:53:30.652387023Z [err]  PathError [TypeError]: Missing parameter name at index 1: *; visit https://git.new/pathToRegexpError for info
2026-06-12T02:53:30.652395620Z [err]      at Function.route (/app/node_modules/express/lib/application.js:257:22)
2026-06-12T02:53:30.652396552Z [err]  Node.js v22.22.3
2026-06-12T02:53:30.652400207Z [err]      at name (/app/node_modules/path-to-regexp/dist/index.js:96:19)
2026-06-12T02:53:30.652408076Z [err]      at app.<computed> [as options] (/app/node_modules/express/lib/application.js:478:22)
2026-06-12T02:53:30.652411153Z [err]      at Object.match (/app/node_modules/path-to-regexp/dist/index.js:237:30)
2026-06-12T02:53:30.652411647Z [err]      at parse (/app/node_modules/path-to-regexp/dist/index.js:113:68)
2026-06-12T02:53:30.652416323Z [err]      at Object.<anonymous> (/app/server.js:41:5) {
2026-06-12T02:53:30.652420130Z [err]      at matcher (/app/node_modules/router/lib/layer.js:86:23)
2026-06-12T02:53:30.652423763Z [err]      at pathToRegexp (/app/node_modules/path-to-regexp/dist/index.js:267:58)
2026-06-12T02:53:30.652424875Z [err]    originalPath: '*'
2026-06-12T02:53:30.652428260Z [err]      at new Layer (/app/node_modules/router/lib/layer.js:93:62)
2026-06-12T02:53:30.652432230Z [err]  }
2026-06-12T02:53:30.652435692Z [err]      at Function.route (/app/node_modules/router/index.js:428:17)
2026-06-12T02:53:30.652441635Z [err]  /app/node_modules/path-to-regexp/dist/index.js:96
2026-06-12T02:53:30.652449477Z [err]              throw new PathError(`Missing parameter name at index ${index}`, str);
2026-06-12T02:53:30.652456509Z [err]              ^
2026-06-12T02:53:30.652464652Z [err]  
2026-06-12T02:53:31.652049426Z [err]  npm warn config production Use `--omit=dev` instead.
2026-06-12T02:53:31.682158587Z [inf]  
2026-06-12T02:53:31.682167226Z [inf]  > backend@1.0.0 start
2026-06-12T02:53:31.682173796Z [inf]  > node server.js
2026-06-12T02:53:31.682180660Z [inf]  
2026-06-12T02:53:31.717151351Z [inf]  ◇ injected env (0) from .env // tip: ◈ secrets for agents [www.dotenvx.com]
2026-06-12T02:53:32.110510882Z [err]      at new Layer (/app/node_modules/router/lib/layer.js:93:62)
2026-06-12T02:53:32.110521781Z [err]      at Function.route (/app/node_modules/router/index.js:428:17)
2026-06-12T02:53:32.110530609Z [err]      at Function.route (/app/node_modules/express/lib/application.js:257:22)
2026-06-12T02:53:32.110536714Z [err]      at app.<computed> [as options] (/app/node_modules/express/lib/application.js:478:22)
2026-06-12T02:53:32.110544444Z [err]      at Object.<anonymous> (/app/server.js:41:5) {
2026-06-12T02:53:32.110551753Z [err]    originalPath: '*'
2026-06-12T02:53:32.110559314Z [err]  }
2026-06-12T02:53:32.110562932Z [err]  /app/node_modules/path-to-regexp/dist/index.js:96
2026-06-12T02:53:32.110568952Z [err]  
2026-06-12T02:53:32.110577799Z [err]  Node.js v22.22.3
2026-06-12T02:53:32.110578292Z [err]              throw new PathError(`Missing parameter name at index ${index}`, str);
2026-06-12T02:53:32.110586709Z [err]              ^
2026-06-12T02:53:32.110594737Z [err]  
2026-06-12T02:53:32.110604245Z [err]  PathError [TypeError]: Missing parameter name at index 1: *; visit https://git.new/pathToRegexpError for info
2026-06-12T02:53:32.110610670Z [err]      at name (/app/node_modules/path-to-regexp/dist/index.js:96:19)
2026-06-12T02:53:32.110617631Z [err]      at parse (/app/node_modules/path-to-regexp/dist/index.js:113:68)
2026-06-12T02:53:32.110623914Z [err]      at pathToRegexp (/app/node_modules/path-to-regexp/dist/index.js:267:58)
2026-06-12T02:53:32.110630811Z [err]      at Object.match (/app/node_modules/path-to-regexp/dist/index.js:237:30)
2026-06-12T02:53:32.110637662Z [err]      at matcher (/app/node_modules/router/lib/layer.js:86:23)
2026-06-12T02:53:33.078551194Z [err]  npm warn config production Use `--omit=dev` instead.
2026-06-12T02:53:33.103836899Z [inf]  
2026-06-12T02:53:33.103844984Z [inf]  > backend@1.0.0 start
2026-06-12T02:53:33.103860347Z [inf]  > node server.js
2026-06-12T02:53:33.103867088Z [inf]  
2026-06-12T02:53:33.142006282Z [inf]  ◇ injected env (0) from .env // tip: ⌘ enable debugging { debug: true }
2026-06-12T02:53:33.651515629Z [err]  /app/node_modules/path-to-regexp/dist/index.js:96
2026-06-12T02:53:33.651519892Z [err]              throw new PathError(`Missing parameter name at index ${index}`, str);
2026-06-12T02:53:33.651523999Z [err]              ^
2026-06-12T02:53:33.651528247Z [err]  
2026-06-12T02:53:33.651532277Z [err]  PathError [TypeError]: Missing parameter name at index 1: *; visit https://git.new/pathToRegexpError for info
2026-06-12T02:53:33.651537144Z [err]      at name (/app/node_modules/path-to-regexp/dist/index.js:96:19)
2026-06-12T02:53:33.651541935Z [err]      at parse (/app/node_modules/path-to-regexp/dist/index.js:113:68)
2026-06-12T02:53:33.651548277Z [err]      at pathToRegexp (/app/node_modules/path-to-regexp/dist/index.js:267:58)
2026-06-12T02:53:33.651554382Z [err]      at Object.match (/app/node_modules/path-to-regexp/dist/index.js:237:30)
2026-06-12T02:53:33.651560384Z [err]      at matcher (/app/node_modules/router/lib/layer.js:86:23)
2026-06-12T02:53:33.651565739Z [err]      at new Layer (/app/node_modules/router/lib/layer.js:93:62)
2026-06-12T02:53:33.651572113Z [err]      at Function.route (/app/node_modules/router/index.js:428:17)
2026-06-12T02:53:33.651578290Z [err]      at Function.route (/app/node_modules/express/lib/application.js:257:22)
2026-06-12T02:53:33.651639905Z [err]      at app.<computed> [as options] (/app/node_modules/express/lib/application.js:478:22)
2026-06-12T02:53:33.651646279Z [err]      at Object.<anonymous> (/app/server.js:41:5) {
2026-06-12T02:53:33.651650812Z [err]    originalPath: '*'
2026-06-12T02:53:33.651659175Z [err]  }
2026-06-12T02:53:33.651664432Z [err]  
2026-06-12T02:53:33.651669138Z [err]  Node.js v22.22.3
2026-06-12T02:53:34.632087373Z [err]  npm warn config production Use `--omit=dev` instead.
2026-06-12T02:53:34.632092608Z [inf]  
2026-06-12T02:53:34.632097786Z [inf]  > backend@1.0.0 start
2026-06-12T02:53:34.632102622Z [inf]  > node server.js
2026-06-12T02:53:34.632107065Z [inf]  
2026-06-12T02:53:34.632111919Z [inf]  ◇ injected env (0) from .env // tip: ◈ encrypted .env [www.dotenvx.com]
2026-06-12T02:53:34.925463530Z [err]      at Function.route (/app/node_modules/router/index.js:428:17)
2026-06-12T02:53:34.925471637Z [err]  /app/node_modules/path-to-regexp/dist/index.js:96
2026-06-12T02:53:34.925474378Z [err]      at Function.route (/app/node_modules/express/lib/application.js:257:22)
2026-06-12T02:53:34.925480972Z [err]              throw new PathError(`Missing parameter name at index ${index}`, str);
2026-06-12T02:53:34.925481274Z [err]      at app.<computed> [as options] (/app/node_modules/express/lib/application.js:478:22)
2026-06-12T02:53:34.925489253Z [err]      at Object.<anonymous> (/app/server.js:41:5) {
2026-06-12T02:53:34.925490320Z [err]              ^
2026-06-12T02:53:34.925496230Z [err]    originalPath: '*'
2026-06-12T02:53:34.925498980Z [err]  
2026-06-12T02:53:34.925502357Z [err]  }
2026-06-12T02:53:34.925508350Z [err]  
2026-06-12T02:53:34.925510632Z [err]  PathError [TypeError]: Missing parameter name at index 1: *; visit https://git.new/pathToRegexpError for info
2026-06-12T02:53:34.925514520Z [err]  Node.js v22.22.3
2026-06-12T02:53:34.925519272Z [err]      at name (/app/node_modules/path-to-regexp/dist/index.js:96:19)
2026-06-12T02:53:34.925525850Z [err]      at parse (/app/node_modules/path-to-regexp/dist/index.js:113:68)
2026-06-12T02:53:34.925531861Z [err]      at pathToRegexp (/app/node_modules/path-to-regexp/dist/index.js:267:58)
2026-06-12T02:53:34.925538437Z [err]      at Object.match (/app/node_modules/path-to-regexp/dist/index.js:237:30)
2026-06-12T02:53:34.925546722Z [err]      at matcher (/app/node_modules/router/lib/layer.js:86:23)
2026-06-12T02:53:34.925553192Z [err]      at new Layer (/app/node_modules/router/lib/layer.js:93:62)
2026-06-12T02:53:35.872935414Z [err]  npm warn config production Use `--omit=dev` instead.
2026-06-12T02:53:35.897494474Z [inf]  
2026-06-12T02:53:35.897500750Z [inf]  > backend@1.0.0 start
2026-06-12T02:53:35.897505965Z [inf]  > node server.js
2026-06-12T02:53:35.897509912Z [inf]  
2026-06-12T02:53:35.940858404Z [inf]  ◇ injected env (0) from .env // tip: ⌘ override existing { override: true }
2026-06-12T02:53:36.349345002Z [err]  }
2026-06-12T02:53:36.349356197Z [err]  
2026-06-12T02:53:36.349363898Z [err]  Node.js v22.22.3
2026-06-12T02:53:36.349379148Z [err]  /app/node_modules/path-to-regexp/dist/index.js:96
2026-06-12T02:53:36.349385757Z [err]              throw new PathError(`Missing parameter name at index ${index}`, str);
2026-06-12T02:53:36.349392889Z [err]              ^
2026-06-12T02:53:36.349399302Z [err]  
2026-06-12T02:53:36.349406984Z [err]  PathError [TypeError]: Missing parameter name at index 1: *; visit https://git.new/pathToRegexpError for info
2026-06-12T02:53:36.349412926Z [err]      at name (/app/node_modules/path-to-regexp/dist/index.js:96:19)
2026-06-12T02:53:36.349418605Z [err]      at parse (/app/node_modules/path-to-regexp/dist/index.js:113:68)
2026-06-12T02:53:36.349424782Z [err]      at pathToRegexp (/app/node_modules/path-to-regexp/dist/index.js:267:58)
2026-06-12T02:53:36.349430611Z [err]      at Object.match (/app/node_modules/path-to-regexp/dist/index.js:237:30)
2026-06-12T02:53:36.349436400Z [err]      at matcher (/app/node_modules/router/lib/layer.js:86:23)
2026-06-12T02:53:36.349442055Z [err]      at new Layer (/app/node_modules/router/lib/layer.js:93:62)
2026-06-12T02:53:36.349447301Z [err]      at Function.route (/app/node_modules/router/index.js:428:17)
2026-06-12T02:53:36.349451575Z [err]      at Function.route (/app/node_modules/express/lib/application.js:257:22)
2026-06-12T02:53:36.349456917Z [err]      at app.<computed> [as options] (/app/node_modules/express/lib/application.js:478:22)
2026-06-12T02:53:36.349461145Z [err]      at Object.<anonymous> (/app/server.js:41:5) {
2026-06-12T02:53:36.349465528Z [err]    originalPath: '*'
2026-06-12T02:53:37.347066620Z [err]  npm warn config production Use `--omit=dev` instead.
2026-06-12T02:53:37.371390630Z [inf]  
2026-06-12T02:53:37.371397243Z [inf]  > backend@1.0.0 start
2026-06-12T02:53:37.371403440Z [inf]  > node server.js
2026-06-12T02:53:37.371408864Z [inf]  
2026-06-12T02:53:37.654119121Z [inf]  ◇ injected env (0) from .env // tip: ⌘ suppress logs { quiet: true }
2026-06-12T02:53:37.815444221Z [err]  /app/node_modules/path-to-regexp/dist/index.js:96
2026-06-12T02:53:37.815447658Z [err]      at app.<computed> [as options] (/app/node_modules/express/lib/application.js:478:22)
2026-06-12T02:53:37.815453414Z [err]              throw new PathError(`Missing parameter name at index ${index}`, str);
2026-06-12T02:53:37.815458049Z [err]      at Object.<anonymous> (/app/server.js:41:5) {
2026-06-12T02:53:37.815462238Z [err]              ^
2026-06-12T02:53:37.815468485Z [err]    originalPath: '*'
2026-06-12T02:53:37.815471234Z [err]  
2026-06-12T02:53:37.815478307Z [err]  }
2026-06-12T02:53:37.815479447Z [err]  PathError [TypeError]: Missing parameter name at index 1: *; visit https://git.new/pathToRegexpError for info
2026-06-12T02:53:37.815485329Z [err]  
2026-06-12T02:53:37.815487901Z [err]      at name (/app/node_modules/path-to-regexp/dist/index.js:96:19)
2026-06-12T02:53:37.815493102Z [err]  Node.js v22.22.3
2026-06-12T02:53:37.815496175Z [err]      at parse (/app/node_modules/path-to-regexp/dist/index.js:113:68)
2026-06-12T02:53:37.815501042Z [err]      at pathToRegexp (/app/node_modules/path-to-regexp/dist/index.js:267:58)
2026-06-12T02:53:37.815505192Z [err]      at Object.match (/app/node_modules/path-to-regexp/dist/index.js:237:30)
2026-06-12T02:53:37.815509328Z [err]      at matcher (/app/node_modules/router/lib/layer.js:86:23)
2026-06-12T02:53:37.815513227Z [err]      at new Layer (/app/node_modules/router/lib/layer.js:93:62)
2026-06-12T02:53:37.815518574Z [err]      at Function.route (/app/node_modules/router/index.js:428:17)
2026-06-12T02:53:37.815525055Z [err]      at Function.route (/app/node_modules/express/lib/application.js:257:22)
2026-06-12T02:53:38.797695995Z [err]  npm warn config production Use `--omit=dev` instead.
2026-06-12T02:53:38.821494150Z [inf]  
2026-06-12T02:53:38.821499430Z [inf]  > backend@1.0.0 start
2026-06-12T02:53:38.821504003Z [inf]  > node server.js
2026-06-12T02:53:38.821508334Z [inf]  
2026-06-12T02:53:38.864119434Z [inf]  ◇ injected env (0) from .env // tip: ◈ encrypted .env [www.dotenvx.com]
2026-06-12T02:53:39.246717079Z [err]      at Function.route (/app/node_modules/express/lib/application.js:257:22)
2026-06-12T02:53:39.246725989Z [err]  Node.js v22.22.3
2026-06-12T02:53:39.246727616Z [err]      at app.<computed> [as options] (/app/node_modules/express/lib/application.js:478:22)
2026-06-12T02:53:39.246731371Z [err]  /app/node_modules/path-to-regexp/dist/index.js:96
2026-06-12T02:53:39.246735796Z [err]      at Object.<anonymous> (/app/server.js:41:5) {
2026-06-12T02:53:39.246737309Z [err]              throw new PathError(`Missing parameter name at index ${index}`, str);
2026-06-12T02:53:39.246742414Z [err]    originalPath: '*'
2026-06-12T02:53:39.246743456Z [err]              ^
2026-06-12T02:53:39.246748496Z [err]  }
2026-06-12T02:53:39.246750294Z [err]  
2026-06-12T02:53:39.246755201Z [err]  
2026-06-12T02:53:39.246757344Z [err]  PathError [TypeError]: Missing parameter name at index 1: *; visit https://git.new/pathToRegexpError for info
2026-06-12T02:53:39.246762968Z [err]      at name (/app/node_modules/path-to-regexp/dist/index.js:96:19)
2026-06-12T02:53:39.246768484Z [err]      at parse (/app/node_modules/path-to-regexp/dist/index.js:113:68)
2026-06-12T02:53:39.246774139Z [err]      at pathToRegexp (/app/node_modules/path-to-regexp/dist/index.js:267:58)
2026-06-12T02:53:39.246780709Z [err]      at Object.match (/app/node_modules/path-to-regexp/dist/index.js:237:30)
2026-06-12T02:53:39.246787198Z [err]      at matcher (/app/node_modules/router/lib/layer.js:86:23)
2026-06-12T02:53:39.246792916Z [err]      at new Layer (/app/node_modules/router/lib/layer.js:93:62)
2026-06-12T02:53:39.246798714Z [err]      at Function.route (/app/node_modules/router/index.js:428:17)
2026-06-12T02:53:40.334382990Z [err]  npm warn config production Use `--omit=dev` instead.
2026-06-12T02:53:40.359508417Z [inf]  
2026-06-12T02:53:40.359515578Z [inf]  > backend@1.0.0 start
2026-06-12T02:53:40.359521814Z [inf]  > node server.js
2026-06-12T02:53:40.359527117Z [inf]  
2026-06-12T02:53:40.397588979Z [inf]  ◇ injected env (0) from .env // tip: ◈ secrets for agents [www.dotenvx.com]
2026-06-12T02:53:40.820001467Z [err]      at Function.route (/app/node_modules/router/index.js:428:17)
2026-06-12T02:53:40.820006420Z [err]  /app/node_modules/path-to-regexp/dist/index.js:96
2026-06-12T02:53:40.820011400Z [err]      at Function.route (/app/node_modules/express/lib/application.js:257:22)
2026-06-12T02:53:40.820018130Z [err]              throw new PathError(`Missing parameter name at index ${index}`, str);
2026-06-12T02:53:40.820018335Z [err]      at app.<computed> [as options] (/app/node_modules/express/lib/application.js:478:22)
2026-06-12T02:53:40.820025686Z [err]      at Object.<anonymous> (/app/server.js:41:5) {
2026-06-12T02:53:40.820027790Z [err]              ^
2026-06-12T02:53:40.820031345Z [err]    originalPath: '*'
2026-06-12T02:53:40.820037252Z [err]  
2026-06-12T02:53:40.820038127Z [err]  }
2026-06-12T02:53:40.820044770Z [err]  
2026-06-12T02:53:40.820047381Z [err]  PathError [TypeError]: Missing parameter name at index 1: *; visit https://git.new/pathToRegexpError for info
2026-06-12T02:53:40.820052477Z [err]  Node.js v22.22.3
2026-06-12T02:53:40.820056017Z [err]      at name (/app/node_modules/path-to-regexp/dist/index.js:96:19)
2026-06-12T02:53:40.820061942Z [err]      at parse (/app/node_modules/path-to-regexp/dist/index.js:113:68)
2026-06-12T02:53:40.820067846Z [err]      at pathToRegexp (/app/node_modules/path-to-regexp/dist/index.js:267:58)
2026-06-12T02:53:40.820074040Z [err]      at Object.match (/app/node_modules/path-to-regexp/dist/index.js:237:30)
2026-06-12T02:53:40.820080137Z [err]      at matcher (/app/node_modules/router/lib/layer.js:86:23)
2026-06-12T02:53:40.820085659Z [err]      at new Layer (/app/node_modules/router/lib/layer.js:93:62)